STDOUT:
{
  "id": "00000000-0000-0000-0000-000000000000",
  "name": "Updated Definition",
  "description": "Some definition description"
}


STDERR:
