STDOUT:
{
  "id": "00000000-0000-0000-0000-000000000000",
  "name": "test definition",
  "description": "a description of the test definition"
}


STDERR:
