STDOUT:
A tool for working with pseudocms

Usage:
  pseudoctl [command]

Available Commands:
  completion  Generate the autocompletion script for the specified shell
  definitions Manage content definitions
  fields      Manage definition fields
  health      Query server health
  help        Help about any command

Flags:
  -h, --help            help for pseudoctl
  -s, --server string   The server to connect to [env: PSEUDOCMS_SERVER]
  -v, --version         version for pseudoctl

Use "pseudoctl [command] --help" for more information about a command.


STDERR:
